// Jest Snapshot v1, https://goo.gl/fbAQLP

exports[`Search renders correctly 1`] = `
<DocumentFragment>
  <div>
    <p>
      Search results go here
    </p>
  </div>
</DocumentFragment>
`;
